Archive member included to satisfy reference by file (symbol)

../lib_dir//libstatique.a(afficheur.o)
                              main.o (_ZN9AfficheurC1Ev)
../lib_dir//libstatique.a(moteur.o)
                              main.o (_ZN6MoteurC1E3PWMS0_)
../lib_dir//libstatique.a(sonar.o)
                              main.o (_ZN5Sonar13envoyerSignalEv)
../lib_dir//libstatique.a(lcm_so1602dtr_m_fw.o)
                              main.o (_ZN3LCMC1EPVhS1_)
../lib_dir//libstatique.a(InterruptButton.o)
                              main.o (_ZN15InterruptButtonC1Ev)
../lib_dir//libstatique.a(pwm.o)
                              main.o (_ZN3PWMC1E3PIN)
../lib_dir//libstatique.a(lcm_so1602dtr_m.o)
                              ../lib_dir//libstatique.a(lcm_so1602dtr_m_fw.o) (_Z15lcmd_disp_clearPVh)
../lib_dir//libstatique.a(del.o)
                              ../lib_dir//libstatique.a(moteur.o) (_ZN3DELC1E8COTE_DEL)
../lib_dir//libstatique.a(customprocs.o)
                              ../lib_dir//libstatique.a(lcm_so1602dtr_m_fw.o) (_Z9cp_strlenPKc)
/usr/lib/gcc/avr/9.2.0/avr5/libgcc.a(_udivmodqi4.o)
                              ../lib_dir//libstatique.a(del.o) (__udivmodqi4)
/usr/lib/gcc/avr/9.2.0/avr5/libgcc.a(_udivmodhi4.o)
                              ../lib_dir//libstatique.a(afficheur.o) (__udivmodhi4)
/usr/lib/gcc/avr/9.2.0/avr5/libgcc.a(_divmodhi4.o)
                              ../lib_dir//libstatique.a(pwm.o) (__divmodhi4)
/usr/lib/gcc/avr/9.2.0/avr5/libgcc.a(_exit.o)
                              /usr/lib/gcc/avr/9.2.0/../../../../avr/lib/avr5/crtatmega324pa.o (exit)
/usr/lib/gcc/avr/9.2.0/avr5/libgcc.a(_tablejump2.o)
                              main.o (__tablejump2__)
/usr/lib/gcc/avr/9.2.0/avr5/libgcc.a(_copy_data.o)
                              main.o (__do_copy_data)
/usr/lib/gcc/avr/9.2.0/avr5/libgcc.a(_clear_bss.o)
                              main.o (__do_clear_bss)
/usr/lib/gcc/avr/9.2.0/../../../../avr/lib/avr5/libm.a(addsf3.o)
                              ../lib_dir//libstatique.a(sonar.o) (__addsf3)
/usr/lib/gcc/avr/9.2.0/../../../../avr/lib/avr5/libm.a(addsf3x.o)
                              /usr/lib/gcc/avr/9.2.0/../../../../avr/lib/avr5/libm.a(addsf3.o) (__addsf3x)
/usr/lib/gcc/avr/9.2.0/../../../../avr/lib/avr5/libm.a(divsf3.o)
                              ../lib_dir//libstatique.a(sonar.o) (__divsf3)
/usr/lib/gcc/avr/9.2.0/../../../../avr/lib/avr5/libm.a(divsf3x.o)
                              /usr/lib/gcc/avr/9.2.0/../../../../avr/lib/avr5/libm.a(divsf3.o) (__divsf3x)
/usr/lib/gcc/avr/9.2.0/../../../../avr/lib/avr5/libm.a(fixunssfsi.o)
                              ../lib_dir//libstatique.a(sonar.o) (__fixunssfsi)
/usr/lib/gcc/avr/9.2.0/../../../../avr/lib/avr5/libm.a(floatsisf.o)
                              ../lib_dir//libstatique.a(sonar.o) (__floatunsisf)
/usr/lib/gcc/avr/9.2.0/../../../../avr/lib/avr5/libm.a(fp_inf.o)
                              /usr/lib/gcc/avr/9.2.0/../../../../avr/lib/avr5/libm.a(addsf3x.o) (__fp_inf)
/usr/lib/gcc/avr/9.2.0/../../../../avr/lib/avr5/libm.a(fp_nan.o)
                              /usr/lib/gcc/avr/9.2.0/../../../../avr/lib/avr5/libm.a(addsf3x.o) (__fp_nan)
/usr/lib/gcc/avr/9.2.0/../../../../avr/lib/avr5/libm.a(fp_pscA.o)
                              /usr/lib/gcc/avr/9.2.0/../../../../avr/lib/avr5/libm.a(addsf3x.o) (__fp_pscA)
/usr/lib/gcc/avr/9.2.0/../../../../avr/lib/avr5/libm.a(fp_pscB.o)
                              /usr/lib/gcc/avr/9.2.0/../../../../avr/lib/avr5/libm.a(addsf3x.o) (__fp_pscB)
/usr/lib/gcc/avr/9.2.0/../../../../avr/lib/avr5/libm.a(fp_round.o)
                              /usr/lib/gcc/avr/9.2.0/../../../../avr/lib/avr5/libm.a(addsf3.o) (__fp_round)
/usr/lib/gcc/avr/9.2.0/../../../../avr/lib/avr5/libm.a(fp_split3.o)
                              /usr/lib/gcc/avr/9.2.0/../../../../avr/lib/avr5/libm.a(addsf3x.o) (__fp_split3)
/usr/lib/gcc/avr/9.2.0/../../../../avr/lib/avr5/libm.a(fp_zero.o)
                              /usr/lib/gcc/avr/9.2.0/../../../../avr/lib/avr5/libm.a(addsf3x.o) (__fp_zero)
/usr/lib/gcc/avr/9.2.0/../../../../avr/lib/avr5/libm.a(mulsf3.o)
                              ../lib_dir//libstatique.a(sonar.o) (__mulsf3)
/usr/lib/gcc/avr/9.2.0/../../../../avr/lib/avr5/libm.a(mulsf3x.o)
                              /usr/lib/gcc/avr/9.2.0/../../../../avr/lib/avr5/libm.a(mulsf3.o) (__mulsf3x)
/usr/lib/gcc/avr/9.2.0/../../../../avr/lib/avr5/libc.a(malloc.o)
                              main.o (malloc)
/usr/lib/gcc/avr/9.2.0/../../../../avr/lib/avr5/libc.a(strcmp.o)
                              main.o (strcmp)
/usr/lib/gcc/avr/9.2.0/../../../../avr/lib/avr5/libc.a(sprintf.o)
                              ../lib_dir//libstatique.a(lcm_so1602dtr_m_fw.o) (sprintf)
/usr/lib/gcc/avr/9.2.0/../../../../avr/lib/avr5/libc.a(vfprintf_std.o)
                              /usr/lib/gcc/avr/9.2.0/../../../../avr/lib/avr5/libc.a(sprintf.o) (vfprintf)
/usr/lib/gcc/avr/9.2.0/../../../../avr/lib/avr5/libc.a(strnlen_P.o)
                              /usr/lib/gcc/avr/9.2.0/../../../../avr/lib/avr5/libc.a(vfprintf_std.o) (strnlen_P)
/usr/lib/gcc/avr/9.2.0/../../../../avr/lib/avr5/libc.a(strnlen.o)
                              /usr/lib/gcc/avr/9.2.0/../../../../avr/lib/avr5/libc.a(vfprintf_std.o) (strnlen)
/usr/lib/gcc/avr/9.2.0/../../../../avr/lib/avr5/libc.a(fputc.o)
                              /usr/lib/gcc/avr/9.2.0/../../../../avr/lib/avr5/libc.a(vfprintf_std.o) (fputc)
/usr/lib/gcc/avr/9.2.0/../../../../avr/lib/avr5/libc.a(ultoa_invert.o)
                              /usr/lib/gcc/avr/9.2.0/../../../../avr/lib/avr5/libc.a(vfprintf_std.o) (__ultoa_invert)
/usr/lib/gcc/avr/9.2.0/avr5/libgcc.a(_prologue.o)
                              /usr/lib/gcc/avr/9.2.0/../../../../avr/lib/avr5/libc.a(sprintf.o) (__prologue_saves__)
/usr/lib/gcc/avr/9.2.0/avr5/libgcc.a(_epilogue.o)
                              /usr/lib/gcc/avr/9.2.0/../../../../avr/lib/avr5/libc.a(sprintf.o) (__epilogue_restores__)

Allocating common symbols
Common symbol       size              file

__brkval            0x2               /usr/lib/gcc/avr/9.2.0/../../../../avr/lib/avr5/libc.a(malloc.o)
__flp               0x2               /usr/lib/gcc/avr/9.2.0/../../../../avr/lib/avr5/libc.a(malloc.o)

Memory Configuration

Name             Origin             Length             Attributes
text             0x0000000000000000 0x0000000000020000 xr
data             0x0000000000800060 0x000000000000ffa0 rw !x
eeprom           0x0000000000810000 0x0000000000010000 rw !x
fuse             0x0000000000820000 0x0000000000000003 rw !x
lock             0x0000000000830000 0x0000000000000400 rw !x
signature        0x0000000000840000 0x0000000000000400 rw !x
user_signatures  0x0000000000850000 0x0000000000000400 rw !x
*default*        0x0000000000000000 0xffffffffffffffff

Linker script and memory map

Address of section .data set to 0x800100
LOAD /usr/lib/gcc/avr/9.2.0/../../../../avr/lib/avr5/crtatmega324pa.o
LOAD main.o
LOAD /usr/lib/gcc/avr/9.2.0/../../../../avr/lib/avr5/libm.a
LOAD ../lib_dir//libstatique.a
START GROUP
LOAD /usr/lib/gcc/avr/9.2.0/avr5/libgcc.a
LOAD /usr/lib/gcc/avr/9.2.0/../../../../avr/lib/avr5/libm.a
LOAD /usr/lib/gcc/avr/9.2.0/../../../../avr/lib/avr5/libc.a
LOAD /usr/lib/gcc/avr/9.2.0/../../../../avr/lib/avr5/libatmega324pa.a
END GROUP
                0x0000000000020000                __TEXT_REGION_LENGTH__ = DEFINED (__TEXT_REGION_LENGTH__)?__TEXT_REGION_LENGTH__:0x20000
                0x000000000000ffa0                __DATA_REGION_LENGTH__ = DEFINED (__DATA_REGION_LENGTH__)?__DATA_REGION_LENGTH__:0xffa0
                0x0000000000010000                __EEPROM_REGION_LENGTH__ = DEFINED (__EEPROM_REGION_LENGTH__)?__EEPROM_REGION_LENGTH__:0x10000
                [0x0000000000000003]                __FUSE_REGION_LENGTH__ = DEFINED (__FUSE_REGION_LENGTH__)?__FUSE_REGION_LENGTH__:0x400
                0x0000000000000400                __LOCK_REGION_LENGTH__ = DEFINED (__LOCK_REGION_LENGTH__)?__LOCK_REGION_LENGTH__:0x400
                0x0000000000000400                __SIGNATURE_REGION_LENGTH__ = DEFINED (__SIGNATURE_REGION_LENGTH__)?__SIGNATURE_REGION_LENGTH__:0x400
                0x0000000000000400                __USER_SIGNATURE_REGION_LENGTH__ = DEFINED (__USER_SIGNATURE_REGION_LENGTH__)?__USER_SIGNATURE_REGION_LENGTH__:0x400

.hash
 *(.hash)

.dynsym
 *(.dynsym)

.dynstr
 *(.dynstr)

.gnu.version
 *(.gnu.version)

.gnu.version_d
 *(.gnu.version_d)

.gnu.version_r
 *(.gnu.version_r)

.rel.init
 *(.rel.init)

.rela.init
 *(.rela.init)

.rel.text
 *(.rel.text)
 *(.rel.text.*)
 *(.rel.gnu.linkonce.t*)

.rela.text
 *(.rela.text)
 *(.rela.text.*)
 *(.rela.gnu.linkonce.t*)

.rel.fini
 *(.rel.fini)

.rela.fini
 *(.rela.fini)

.rel.rodata
 *(.rel.rodata)
 *(.rel.rodata.*)
 *(.rel.gnu.linkonce.r*)

.rela.rodata
 *(.rela.rodata)
 *(.rela.rodata.*)
 *(.rela.gnu.linkonce.r*)

.rel.data
 *(.rel.data)
 *(.rel.data.*)
 *(.rel.gnu.linkonce.d*)

.rela.data
 *(.rela.data)
 *(.rela.data.*)
 *(.rela.gnu.linkonce.d*)

.rel.ctors
 *(.rel.ctors)

.rela.ctors
 *(.rela.ctors)

.rel.dtors
 *(.rel.dtors)

.rela.dtors
 *(.rela.dtors)

.rel.got
 *(.rel.got)

.rela.got
 *(.rela.got)

.rel.bss
 *(.rel.bss)

.rela.bss
 *(.rela.bss)

.rel.plt
 *(.rel.plt)

.rela.plt
 *(.rela.plt)

.text           0x0000000000000000     0x26c0
 *(.vectors)
 .vectors       0x0000000000000000       0x7c /usr/lib/gcc/avr/9.2.0/../../../../avr/lib/avr5/crtatmega324pa.o
                0x0000000000000000                __vectors
                0x0000000000000000                __vector_default
 *(.vectors)
 *(.progmem.gcc*)
                0x000000000000007c                . = ALIGN (0x2)
                0x000000000000007c                __trampolines_start = .
 *(.trampolines)
 .trampolines   0x000000000000007c        0x0 linker stubs
 *(.trampolines*)
                0x000000000000007c                __trampolines_end = .
 *libprintf_flt.a:*(.progmem.data)
 *libc.a:*(.progmem.data)
 *(.progmem.*)
                0x000000000000007c                . = ALIGN (0x2)
 *(.lowtext)
 *(.lowtext*)
                0x000000000000007c                __ctors_start = .
 *(.ctors)
                0x000000000000007c                __ctors_end = .
                0x000000000000007c                __dtors_start = .
 *(.dtors)
                0x000000000000007c                __dtors_end = .
 SORT_BY_NAME(*)(.ctors)
 SORT_BY_NAME(*)(.dtors)
 *(.init0)
 .init0         0x000000000000007c        0x0 /usr/lib/gcc/avr/9.2.0/../../../../avr/lib/avr5/crtatmega324pa.o
                0x000000000000007c                __init
 *(.init0)
 *(.init1)
 *(.init1)
 *(.init2)
 .init2         0x000000000000007c        0xc /usr/lib/gcc/avr/9.2.0/../../../../avr/lib/avr5/crtatmega324pa.o
 *(.init2)
 *(.init3)
 *(.init3)
 *(.init4)
 .init4         0x0000000000000088       0x16 /usr/lib/gcc/avr/9.2.0/avr5/libgcc.a(_copy_data.o)
                0x0000000000000088                __do_copy_data
 .init4         0x000000000000009e       0x10 /usr/lib/gcc/avr/9.2.0/avr5/libgcc.a(_clear_bss.o)
                0x000000000000009e                __do_clear_bss
 *(.init4)
 *(.init5)
 *(.init5)
 *(.init6)
 *(.init6)
 *(.init7)
 *(.init7)
 *(.init8)
 *(.init8)
 *(.init9)
 .init9         0x00000000000000ae        0x8 /usr/lib/gcc/avr/9.2.0/../../../../avr/lib/avr5/crtatmega324pa.o
 *(.init9)
 *(.text)
 .text          0x00000000000000b6        0x4 /usr/lib/gcc/avr/9.2.0/../../../../avr/lib/avr5/crtatmega324pa.o
                0x00000000000000b6                __vector_22
                0x00000000000000b6                __vector_28
                0x00000000000000b6                __vector_1
                0x00000000000000b6                __vector_24
                0x00000000000000b6                __vector_12
                0x00000000000000b6                __bad_interrupt
                0x00000000000000b6                __vector_6
                0x00000000000000b6                __vector_3
                0x00000000000000b6                __vector_23
                0x00000000000000b6                __vector_30
                0x00000000000000b6                __vector_25
                0x00000000000000b6                __vector_13
                0x00000000000000b6                __vector_17
                0x00000000000000b6                __vector_19
                0x00000000000000b6                __vector_7
                0x00000000000000b6                __vector_27
                0x00000000000000b6                __vector_5
                0x00000000000000b6                __vector_4
                0x00000000000000b6                __vector_9
                0x00000000000000b6                __vector_21
                0x00000000000000b6                __vector_15
                0x00000000000000b6                __vector_29
                0x00000000000000b6                __vector_8
                0x00000000000000b6                __vector_26
                0x00000000000000b6                __vector_14
                0x00000000000000b6                __vector_10
                0x00000000000000b6                __vector_16
                0x00000000000000b6                __vector_18
                0x00000000000000b6                __vector_20
 .text          0x00000000000000ba      0x5e2 main.o
                0x00000000000000ba                _Z10getMessagev
                0x000000000000014c                _Z12getManoeuvrev
                0x000000000000020c                _Z11updateSonarv
                0x0000000000000220                _Z9detectionR3LCM
                0x0000000000000264                _Z10manoeuvre1R6MoteurR3LCM
                0x0000000000000314                _Z10manoeuvre2R6MoteurR3LCM
                0x00000000000003b8                _Z10manoeuvre3R6MoteurR3LCM
                0x000000000000045c                _Z10manoeuvre4R6MoteurR3LCM
                0x0000000000000500                _Z10manoeuvre5R6MoteurR3LCMR9Afficheur
                0x000000000000058c                _Z10manoeuvre6R6MoteurR3LCMR9Afficheur
                0x00000000000005e4                _Z5undefR6MoteurR3LCM
                0x0000000000000606                _Z4initv
                0x000000000000061c                __vector_2
 .text          0x000000000000069c      0x154 ../lib_dir//libstatique.a(afficheur.o)
                0x000000000000069c                _ZN9AfficheurC1Ev
                0x000000000000069c                _ZN9AfficheurC2Ev
                0x000000000000069e                _ZN9Afficheur20afficherValeurUniqueEh8POSITION
                0x00000000000006a4                _ZN9Afficheur20afficherSur7SegmentsEii
                0x0000000000000744                _ZN9Afficheur20convertirEn7SegmentsEi
                0x0000000000000758                _ZN9Afficheur21initOverflowInterruptEv
                0x0000000000000772                __vector_11
                0x00000000000007c2                _ZN9Afficheur21extraireUniteDuNombreEj
                0x00000000000007d8                _ZN9Afficheur23extraireDizaineDuNombreEj
 .text          0x00000000000007f0      0x1fc ../lib_dir//libstatique.a(moteur.o)
                0x00000000000007f0                _ZN6MoteurC2E3PWMS0_
                0x00000000000007f0                _ZN6MoteurC1E3PWMS0_
                0x0000000000000808                _ZN6Moteur6bougerEii
                0x00000000000008d4                _ZN6Moteur15modifierVitesseEii
                0x00000000000009c2                _ZN6Moteur7arreterEv
                0x00000000000009dc                _ZN6Moteur16getVitesseGaucheEv
                0x00000000000009e4                _ZN6Moteur16getVitesseDroiteEv
 .text          0x00000000000009ec      0x590 ../lib_dir//libstatique.a(sonar.o)
                0x00000000000009ec                _ZN5Sonar13envoyerSignalEv
                0x00000000000009fa                _ZN5Sonar10lireSignalERjS0_S0_
                0x0000000000000ec8                _ZN5Sonar16afficherDistanceER3LCMji
 .text          0x0000000000000f7c      0x3cc ../lib_dir//libstatique.a(lcm_so1602dtr_m_fw.o)
                0x0000000000000f7c                _ZN3LCMC1EPVhS1_
                0x0000000000000f7c                _ZN3LCMC2EPVhS1_
                0x0000000000000fb8                _ZN3LCMD1Ev
                0x0000000000000fb8                _ZN3LCMD2Ev
                0x0000000000000fc2                _ZN3LCM8en_blinkEb
                0x0000000000000fe4                _ZN3LCM6en_curEb
                0x0000000000001004                _ZN3LCM12set_bc_indexEh
                0x0000000000001020                _ZN3LCM5clearEv
                0x0000000000001164                _ZN3LCM5writeEPKchb
                0x0000000000001170                _ZN3LCM3putEc
                0x00000000000011a4                _ZN3LCM8build_ccEhPKh
                0x00000000000011f6                _ZN3LCMlsEPKc
                0x0000000000001214                _ZN3LCMlsEj
                0x0000000000001250                _ZN3LCMlsEi
                0x000000000000128c                _ZN3LCMlsEc
                0x00000000000012c8                _ZN3LCMaSEPKc
                0x00000000000012fe                _ZN3LCMixEh
                0x000000000000130e                _ZN3LCMmIEh
 .text          0x0000000000001348       0xb8 ../lib_dir//libstatique.a(InterruptButton.o)
                0x0000000000001348                _ZN15InterruptButtonC2Ev
                0x0000000000001348                _ZN15InterruptButtonC1Ev
                0x000000000000134a                _ZN15InterruptButton20initInterruptButton0E5Edges
                0x0000000000001378                _ZN15InterruptButton20initInterruptButton1E5Edges
                0x00000000000013a6                _ZN15InterruptButton20initInterruptButton2E5Edges
                0x00000000000013d4                _ZN15InterruptButton16raiseFlagButton0Ev
                0x00000000000013d8                _ZN15InterruptButton16raiseFlagButton1Ev
                0x00000000000013dc                _ZN15InterruptButton16raiseFlagButton2Ev
                0x00000000000013e0                _ZN15InterruptButton8debounceEv
 .text          0x0000000000001400       0xc2 ../lib_dir//libstatique.a(pwm.o)
                0x0000000000001400                _ZN3PWMC1E3PIN
                0x0000000000001400                _ZN3PWMC2E3PIN
                0x000000000000143a                _ZN3PWMD1Ev
                0x000000000000143a                _ZN3PWMD2Ev
                0x000000000000143c                _ZN3PWM10normalModeEv
                0x000000000000144a                _ZN3PWM18ajusterPourcentageEh
                0x000000000000148c                _ZN3PWM17startTimerCTCModeEh
 .text          0x00000000000014c2      0x1ee ../lib_dir//libstatique.a(lcm_so1602dtr_m.o)
                0x0000000000001554                _Z15lcmd_disp_clearPVh
                0x0000000000001560                _Z14lcmd_disp_homePVh
                0x000000000000156c                _Z13lcmd_entry_smhhPVh
                0x000000000000157c                _Z16lcmd_disp_on_offhhhPVh
                0x0000000000001594                _Z19lcmd_disp_cur_shifthhPVh
                0x00000000000015b2                _Z13lcmd_func_sethhPVh
                0x00000000000015d0                _Z17lcmd_cgr_set_addrhPVh
                0x00000000000015e0                _Z17lcmd_ddr_set_addrhPVh
                0x00000000000015ee                _Z10lcmd_writehPVh
                0x00000000000015fa                _Z14lcmd_init_4bitPVhS0_
 .text          0x00000000000016b0      0x136 ../lib_dir//libstatique.a(del.o)
                0x00000000000016b0                _ZN3DELC1Ev
                0x00000000000016b0                _ZN3DELC2Ev
                0x00000000000016b6                _ZN3DELC1E8COTE_DEL
                0x00000000000016b6                _ZN3DELC2E8COTE_DEL
                0x00000000000016bc                _ZN3DELD2Ev
                0x00000000000016bc                _ZN3DELD1Ev
                0x00000000000016be                _ZN3DEL6eteintEv
                0x00000000000016c4                _ZN3DEL5rougeEv
                0x00000000000016e0                _ZN3DEL4vertEv
                0x00000000000016fc                _ZN3DEL5ambreEv
                0x000000000000174c                _ZN3DEL14allumerPendantEh7COULEUR
 .text          0x00000000000017e6       0x9e ../lib_dir//libstatique.a(customprocs.o)
                0x00000000000017e6                _Z9cp_strlenPKc
                0x00000000000017fc                _Z7cp_itoaPcjh
                0x0000000000001866                _Z10cp_wait_msj
 .text          0x0000000000001884        0x0 /usr/lib/gcc/avr/9.2.0/avr5/libgcc.a(_udivmodqi4.o)
 .text          0x0000000000001884        0x0 /usr/lib/gcc/avr/9.2.0/avr5/libgcc.a(_udivmodhi4.o)
 .text          0x0000000000001884        0x0 /usr/lib/gcc/avr/9.2.0/avr5/libgcc.a(_divmodhi4.o)
 .text          0x0000000000001884        0x0 /usr/lib/gcc/avr/9.2.0/avr5/libgcc.a(_exit.o)
 .text          0x0000000000001884        0x0 /usr/lib/gcc/avr/9.2.0/avr5/libgcc.a(_tablejump2.o)
 .text          0x0000000000001884        0x0 /usr/lib/gcc/avr/9.2.0/avr5/libgcc.a(_copy_data.o)
 .text          0x0000000000001884        0x0 /usr/lib/gcc/avr/9.2.0/avr5/libgcc.a(_clear_bss.o)
 .text          0x0000000000001884        0x0 /usr/lib/gcc/avr/9.2.0/../../../../avr/lib/avr5/libm.a(addsf3.o)
 .text          0x0000000000001884        0x0 /usr/lib/gcc/avr/9.2.0/../../../../avr/lib/avr5/libm.a(addsf3x.o)
 .text          0x0000000000001884        0x0 /usr/lib/gcc/avr/9.2.0/../../../../avr/lib/avr5/libm.a(divsf3.o)
 .text          0x0000000000001884        0x0 /usr/lib/gcc/avr/9.2.0/../../../../avr/lib/avr5/libm.a(divsf3x.o)
 .text          0x0000000000001884        0x0 /usr/lib/gcc/avr/9.2.0/../../../../avr/lib/avr5/libm.a(fixunssfsi.o)
 .text          0x0000000000001884        0x0 /usr/lib/gcc/avr/9.2.0/../../../../avr/lib/avr5/libm.a(floatsisf.o)
 .text          0x0000000000001884        0x0 /usr/lib/gcc/avr/9.2.0/../../../../avr/lib/avr5/libm.a(fp_inf.o)
 .text          0x0000000000001884        0x0 /usr/lib/gcc/avr/9.2.0/../../../../avr/lib/avr5/libm.a(fp_nan.o)
 .text          0x0000000000001884        0x0 /usr/lib/gcc/avr/9.2.0/../../../../avr/lib/avr5/libm.a(fp_pscA.o)
 .text          0x0000000000001884        0x0 /usr/lib/gcc/avr/9.2.0/../../../../avr/lib/avr5/libm.a(fp_pscB.o)
 .text          0x0000000000001884        0x0 /usr/lib/gcc/avr/9.2.0/../../../../avr/lib/avr5/libm.a(fp_round.o)
 .text          0x0000000000001884        0x0 /usr/lib/gcc/avr/9.2.0/../../../../avr/lib/avr5/libm.a(fp_split3.o)
 .text          0x0000000000001884        0x0 /usr/lib/gcc/avr/9.2.0/../../../../avr/lib/avr5/libm.a(fp_zero.o)
 .text          0x0000000000001884        0x0 /usr/lib/gcc/avr/9.2.0/../../../../avr/lib/avr5/libm.a(mulsf3.o)
 .text          0x0000000000001884        0x0 /usr/lib/gcc/avr/9.2.0/../../../../avr/lib/avr5/libm.a(mulsf3x.o)
 .text          0x0000000000001884        0x0 /usr/lib/gcc/avr/9.2.0/../../../../avr/lib/avr5/libc.a(malloc.o)
 .text          0x0000000000001884        0x0 /usr/lib/gcc/avr/9.2.0/../../../../avr/lib/avr5/libc.a(strcmp.o)
 .text          0x0000000000001884        0x0 /usr/lib/gcc/avr/9.2.0/../../../../avr/lib/avr5/libc.a(sprintf.o)
 .text          0x0000000000001884        0x0 /usr/lib/gcc/avr/9.2.0/../../../../avr/lib/avr5/libc.a(vfprintf_std.o)
 .text          0x0000000000001884        0x0 /usr/lib/gcc/avr/9.2.0/../../../../avr/lib/avr5/libc.a(strnlen_P.o)
 .text          0x0000000000001884        0x0 /usr/lib/gcc/avr/9.2.0/../../../../avr/lib/avr5/libc.a(strnlen.o)
 .text          0x0000000000001884        0x0 /usr/lib/gcc/avr/9.2.0/../../../../avr/lib/avr5/libc.a(fputc.o)
 .text          0x0000000000001884        0x0 /usr/lib/gcc/avr/9.2.0/../../../../avr/lib/avr5/libc.a(ultoa_invert.o)
 .text          0x0000000000001884        0x0 /usr/lib/gcc/avr/9.2.0/avr5/libgcc.a(_prologue.o)
 .text          0x0000000000001884        0x0 /usr/lib/gcc/avr/9.2.0/avr5/libgcc.a(_epilogue.o)
                0x0000000000001884                . = ALIGN (0x2)
 *(.text.*)
 .text.startup  0x0000000000001884      0x196 main.o
                0x0000000000001884                main
 .text.libgcc.mul
                0x0000000000001a1a        0x0 /usr/lib/gcc/avr/9.2.0/avr5/libgcc.a(_udivmodqi4.o)
 .text.libgcc.div
                0x0000000000001a1a       0x18 /usr/lib/gcc/avr/9.2.0/avr5/libgcc.a(_udivmodqi4.o)
                0x0000000000001a1a                __udivmodqi4
 .text.libgcc   0x0000000000001a32        0x0 /usr/lib/gcc/avr/9.2.0/avr5/libgcc.a(_udivmodqi4.o)
 .text.libgcc.prologue
                0x0000000000001a32        0x0 /usr/lib/gcc/avr/9.2.0/avr5/libgcc.a(_udivmodqi4.o)
 .text.libgcc.builtins
                0x0000000000001a32        0x0 /usr/lib/gcc/avr/9.2.0/avr5/libgcc.a(_udivmodqi4.o)
 .text.libgcc.fmul
                0x0000000000001a32        0x0 /usr/lib/gcc/avr/9.2.0/avr5/libgcc.a(_udivmodqi4.o)
 .text.libgcc.fixed
                0x0000000000001a32        0x0 /usr/lib/gcc/avr/9.2.0/avr5/libgcc.a(_udivmodqi4.o)
 .text.libgcc.mul
                0x0000000000001a32        0x0 /usr/lib/gcc/avr/9.2.0/avr5/libgcc.a(_udivmodhi4.o)
 .text.libgcc.div
                0x0000000000001a32       0x28 /usr/lib/gcc/avr/9.2.0/avr5/libgcc.a(_udivmodhi4.o)
                0x0000000000001a32                __udivmodhi4
 .text.libgcc   0x0000000000001a5a        0x0 /usr/lib/gcc/avr/9.2.0/avr5/libgcc.a(_udivmodhi4.o)
 .text.libgcc.prologue
                0x0000000000001a5a        0x0 /usr/lib/gcc/avr/9.2.0/avr5/libgcc.a(_udivmodhi4.o)
 .text.libgcc.builtins
                0x0000000000001a5a        0x0 /usr/lib/gcc/avr/9.2.0/avr5/libgcc.a(_udivmodhi4.o)
 .text.libgcc.fmul
                0x0000000000001a5a        0x0 /usr/lib/gcc/avr/9.2.0/avr5/libgcc.a(_udivmodhi4.o)
 .text.libgcc.fixed
                0x0000000000001a5a        0x0 /usr/lib/gcc/avr/9.2.0/avr5/libgcc.a(_udivmodhi4.o)
 .text.libgcc.mul
                0x0000000000001a5a        0x0 /usr/lib/gcc/avr/9.2.0/avr5/libgcc.a(_divmodhi4.o)
 .text.libgcc.div
                0x0000000000001a5a       0x28 /usr/lib/gcc/avr/9.2.0/avr5/libgcc.a(_divmodhi4.o)
                0x0000000000001a5a                __divmodhi4
                0x0000000000001a5a                _div
 .text.libgcc   0x0000000000001a82        0x0 /usr/lib/gcc/avr/9.2.0/avr5/libgcc.a(_divmodhi4.o)
 .text.libgcc.prologue
                0x0000000000001a82        0x0 /usr/lib/gcc/avr/9.2.0/avr5/libgcc.a(_divmodhi4.o)
 .text.libgcc.builtins
                0x0000000000001a82        0x0 /usr/lib/gcc/avr/9.2.0/avr5/libgcc.a(_divmodhi4.o)
 .text.libgcc.fmul
                0x0000000000001a82        0x0 /usr/lib/gcc/avr/9.2.0/avr5/libgcc.a(_divmodhi4.o)
 .text.libgcc.fixed
                0x0000000000001a82        0x0 /usr/lib/gcc/avr/9.2.0/avr5/libgcc.a(_divmodhi4.o)
 .text.libgcc.mul
                0x0000000000001a82        0x0 /usr/lib/gcc/avr/9.2.0/avr5/libgcc.a(_exit.o)
 .text.libgcc.div
                0x0000000000001a82        0x0 /usr/lib/gcc/avr/9.2.0/avr5/libgcc.a(_exit.o)
 .text.libgcc   0x0000000000001a82        0x0 /usr/lib/gcc/avr/9.2.0/avr5/libgcc.a(_exit.o)
 .text.libgcc.prologue
                0x0000000000001a82        0x0 /usr/lib/gcc/avr/9.2.0/avr5/libgcc.a(_exit.o)
 .text.libgcc.builtins
                0x0000000000001a82        0x0 /usr/lib/gcc/avr/9.2.0/avr5/libgcc.a(_exit.o)
 .text.libgcc.fmul
                0x0000000000001a82        0x0 /usr/lib/gcc/avr/9.2.0/avr5/libgcc.a(_exit.o)
 .text.libgcc.fixed
                0x0000000000001a82        0x0 /usr/lib/gcc/avr/9.2.0/avr5/libgcc.a(_exit.o)
 .text.libgcc.mul
                0x0000000000001a82        0x0 /usr/lib/gcc/avr/9.2.0/avr5/libgcc.a(_tablejump2.o)
 .text.libgcc.div
                0x0000000000001a82        0x0 /usr/lib/gcc/avr/9.2.0/avr5/libgcc.a(_tablejump2.o)
 .text.libgcc   0x0000000000001a82        0xc /usr/lib/gcc/avr/9.2.0/avr5/libgcc.a(_tablejump2.o)
                0x0000000000001a82                __tablejump2__
 .text.libgcc.prologue
                0x0000000000001a8e        0x0 /usr/lib/gcc/avr/9.2.0/avr5/libgcc.a(_tablejump2.o)
 .text.libgcc.builtins
                0x0000000000001a8e        0x0 /usr/lib/gcc/avr/9.2.0/avr5/libgcc.a(_tablejump2.o)
 .text.libgcc.fmul
                0x0000000000001a8e        0x0 /usr/lib/gcc/avr/9.2.0/avr5/libgcc.a(_tablejump2.o)
 .text.libgcc.fixed
                0x0000000000001a8e        0x0 /usr/lib/gcc/avr/9.2.0/avr5/libgcc.a(_tablejump2.o)
 .text.libgcc.mul
                0x0000000000001a8e        0x0 /usr/lib/gcc/avr/9.2.0/avr5/libgcc.a(_copy_data.o)
 .text.libgcc.div
                0x0000000000001a8e        0x0 /usr/lib/gcc/avr/9.2.0/avr5/libgcc.a(_copy_data.o)
 .text.libgcc   0x0000000000001a8e        0x0 /usr/lib/gcc/avr/9.2.0/avr5/libgcc.a(_copy_data.o)
 .text.libgcc.prologue
                0x0000000000001a8e        0x0 /usr/lib/gcc/avr/9.2.0/avr5/libgcc.a(_copy_data.o)
 .text.libgcc.builtins
                0x0000000000001a8e        0x0 /usr/lib/gcc/avr/9.2.0/avr5/libgcc.a(_copy_data.o)
 .text.libgcc.fmul
                0x0000000000001a8e        0x0 /usr/lib/gcc/avr/9.2.0/avr5/libgcc.a(_copy_data.o)
 .text.libgcc.fixed
                0x0000000000001a8e        0x0 /usr/lib/gcc/avr/9.2.0/avr5/libgcc.a(_copy_data.o)
 .text.libgcc.mul
                0x0000000000001a8e        0x0 /usr/lib/gcc/avr/9.2.0/avr5/libgcc.a(_clear_bss.o)
 .text.libgcc.div
                0x0000000000001a8e        0x0 /usr/lib/gcc/avr/9.2.0/avr5/libgcc.a(_clear_bss.o)
 .text.libgcc   0x0000000000001a8e        0x0 /usr/lib/gcc/avr/9.2.0/avr5/libgcc.a(_clear_bss.o)
 .text.libgcc.prologue
                0x0000000000001a8e        0x0 /usr/lib/gcc/avr/9.2.0/avr5/libgcc.a(_clear_bss.o)
 .text.libgcc.builtins
                0x0000000000001a8e        0x0 /usr/lib/gcc/avr/9.2.0/avr5/libgcc.a(_clear_bss.o)
 .text.libgcc.fmul
                0x0000000000001a8e        0x0 /usr/lib/gcc/avr/9.2.0/avr5/libgcc.a(_clear_bss.o)
 .text.libgcc.fixed
                0x0000000000001a8e        0x0 /usr/lib/gcc/avr/9.2.0/avr5/libgcc.a(_clear_bss.o)
 .text.avr-libc.fplib
                0x0000000000001a8e        0xe /usr/lib/gcc/avr/9.2.0/../../../../avr/lib/avr5/libm.a(addsf3.o)
                0x0000000000001a8e                __subsf3
                0x0000000000001a90                __addsf3
 .text.avr-libc.fplib
                0x0000000000001a9c       0xcc /usr/lib/gcc/avr/9.2.0/../../../../avr/lib/avr5/libm.a(addsf3x.o)
                0x0000000000001abe                __addsf3x
 .text.avr-libc.fplib
                0x0000000000001b68        0x8 /usr/lib/gcc/avr/9.2.0/../../../../avr/lib/avr5/libm.a(divsf3.o)
                0x0000000000001b68                __divsf3
 .text.avr-libc.fplib
                0x0000000000001b70       0xdc /usr/lib/gcc/avr/9.2.0/../../../../avr/lib/avr5/libm.a(divsf3x.o)
                0x0000000000001b90                __divsf3x
                0x0000000000001b96                __divsf3_pse
 .text.avr-libc.fplib
                0x0000000000001c4c       0x5e /usr/lib/gcc/avr/9.2.0/../../../../avr/lib/avr5/libm.a(fixunssfsi.o)
                0x0000000000001c4c                __fixunssfsi
 .text.avr-libc.fplib
                0x0000000000001caa       0x7a /usr/lib/gcc/avr/9.2.0/../../../../avr/lib/avr5/libm.a(floatsisf.o)
                0x0000000000001caa                __floatunsisf
                0x0000000000001cae                __floatsisf
 .text.avr-libc.fplib
                0x0000000000001d24        0xc /usr/lib/gcc/avr/9.2.0/../../../../avr/lib/avr5/libm.a(fp_inf.o)
                0x0000000000001d24                __fp_inf
 .text.avr-libc.fplib
                0x0000000000001d30        0x6 /usr/lib/gcc/avr/9.2.0/../../../../avr/lib/avr5/libm.a(fp_nan.o)
                0x0000000000001d30                __fp_nan
 .text.avr-libc.fplib
                0x0000000000001d36        0xe /usr/lib/gcc/avr/9.2.0/../../../../avr/lib/avr5/libm.a(fp_pscA.o)
                0x0000000000001d36                __fp_pscA
 .text.avr-libc.fplib
                0x0000000000001d44        0xe /usr/lib/gcc/avr/9.2.0/../../../../avr/lib/avr5/libm.a(fp_pscB.o)
                0x0000000000001d44                __fp_pscB
 .text.avr-libc.fplib
                0x0000000000001d52       0x22 /usr/lib/gcc/avr/9.2.0/../../../../avr/lib/avr5/libm.a(fp_round.o)
                0x0000000000001d52                __fp_round
 .text.avr-libc.fplib
                0x0000000000001d74       0x44 /usr/lib/gcc/avr/9.2.0/../../../../avr/lib/avr5/libm.a(fp_split3.o)
                0x0000000000001d74                __fp_split3
                0x0000000000001d84                __fp_splitA
 .text.avr-libc.fplib
                0x0000000000001db8        0xe /usr/lib/gcc/avr/9.2.0/../../../../avr/lib/avr5/libm.a(fp_zero.o)
                0x0000000000001db8                __fp_zero
                0x0000000000001dba                __fp_szero
 .text.avr-libc.fplib
                0x0000000000001dc6        0x8 /usr/lib/gcc/avr/9.2.0/../../../../avr/lib/avr5/libm.a(mulsf3.o)
                0x0000000000001dc6                __mulsf3
 .text.avr-libc.fplib
                0x0000000000001dce       0xd2 /usr/lib/gcc/avr/9.2.0/../../../../avr/lib/avr5/libm.a(mulsf3x.o)
                0x0000000000001dec                __mulsf3x
                0x0000000000001df2                __mulsf3_pse
 .text.avr-libc
                0x0000000000001ea0      0x24a /usr/lib/gcc/avr/9.2.0/../../../../avr/lib/avr5/libc.a(malloc.o)
                0x0000000000001ea0                malloc
                0x0000000000001fd8                free
 .text.avr-libc
                0x00000000000020ea       0x12 /usr/lib/gcc/avr/9.2.0/../../../../avr/lib/avr5/libc.a(strcmp.o)
                0x00000000000020ea                strcmp
 .text.avr-libc
                0x00000000000020fc       0x46 /usr/lib/gcc/avr/9.2.0/../../../../avr/lib/avr5/libc.a(sprintf.o)
                0x00000000000020fc                sprintf
 .text.avr-libc
                0x0000000000002142      0x3b4 /usr/lib/gcc/avr/9.2.0/../../../../avr/lib/avr5/libc.a(vfprintf_std.o)
                0x0000000000002142                vfprintf
 .text.avr-libc
                0x00000000000024f6       0x16 /usr/lib/gcc/avr/9.2.0/../../../../avr/lib/avr5/libc.a(strnlen_P.o)
                0x00000000000024f6                strnlen_P
 .text.avr-libc
                0x000000000000250c       0x16 /usr/lib/gcc/avr/9.2.0/../../../../avr/lib/avr5/libc.a(strnlen.o)
                0x000000000000250c                strnlen
 .text.avr-libc
                0x0000000000002522       0x60 /usr/lib/gcc/avr/9.2.0/../../../../avr/lib/avr5/libc.a(fputc.o)
                0x0000000000002522                fputc
 .text.avr-libc
                0x0000000000002582       0xbc /usr/lib/gcc/avr/9.2.0/../../../../avr/lib/avr5/libc.a(ultoa_invert.o)
                0x0000000000002582                __ultoa_invert
 .text.libgcc.mul
                0x000000000000263e        0x0 /usr/lib/gcc/avr/9.2.0/avr5/libgcc.a(_prologue.o)
 .text.libgcc.div
                0x000000000000263e        0x0 /usr/lib/gcc/avr/9.2.0/avr5/libgcc.a(_prologue.o)
 .text.libgcc   0x000000000000263e        0x0 /usr/lib/gcc/avr/9.2.0/avr5/libgcc.a(_prologue.o)
 .text.libgcc.prologue
                0x000000000000263e       0x38 /usr/lib/gcc/avr/9.2.0/avr5/libgcc.a(_prologue.o)
                0x000000000000263e                __prologue_saves__
 .text.libgcc.builtins
                0x0000000000002676        0x0 /usr/lib/gcc/avr/9.2.0/avr5/libgcc.a(_prologue.o)
 .text.libgcc.fmul
                0x0000000000002676        0x0 /usr/lib/gcc/avr/9.2.0/avr5/libgcc.a(_prologue.o)
 .text.libgcc.fixed
                0x0000000000002676        0x0 /usr/lib/gcc/avr/9.2.0/avr5/libgcc.a(_prologue.o)
 .text.libgcc.mul
                0x0000000000002676        0x0 /usr/lib/gcc/avr/9.2.0/avr5/libgcc.a(_epilogue.o)
 .text.libgcc.div
                0x0000000000002676        0x0 /usr/lib/gcc/avr/9.2.0/avr5/libgcc.a(_epilogue.o)
 .text.libgcc   0x0000000000002676        0x0 /usr/lib/gcc/avr/9.2.0/avr5/libgcc.a(_epilogue.o)
 .text.libgcc.prologue
                0x0000000000002676       0x36 /usr/lib/gcc/avr/9.2.0/avr5/libgcc.a(_epilogue.o)
                0x0000000000002676                __epilogue_restores__
 .text.libgcc.builtins
                0x00000000000026ac        0x0 /usr/lib/gcc/avr/9.2.0/avr5/libgcc.a(_epilogue.o)
 .text.libgcc.fmul
                0x00000000000026ac        0x0 /usr/lib/gcc/avr/9.2.0/avr5/libgcc.a(_epilogue.o)
 .text.libgcc.fixed
                0x00000000000026ac        0x0 /usr/lib/gcc/avr/9.2.0/avr5/libgcc.a(_epilogue.o)
                0x00000000000026ac                . = ALIGN (0x2)
 *(.fini9)
 .fini9         0x00000000000026ac        0x0 /usr/lib/gcc/avr/9.2.0/avr5/libgcc.a(_exit.o)
                0x00000000000026ac                exit
                0x00000000000026ac                _exit
 *(.fini9)
 *(.fini8)
 *(.fini8)
 *(.fini7)
 *(.fini7)
 *(.fini6)
 *(.fini6)
 *(.fini5)
 *(.fini5)
 *(.fini4)
 *(.fini4)
 *(.fini3)
 *(.fini3)
 *(.fini2)
 *(.fini2)
 *(.fini1)
 *(.fini1)
 *(.fini0)
 .fini0         0x00000000000026ac        0x4 /usr/lib/gcc/avr/9.2.0/avr5/libgcc.a(_exit.o)
 *(.fini0)
 *(.hightext)
 *(.hightext*)
 *(.progmemx.*)
                0x00000000000026b0                . = ALIGN (0x2)
 *(.jumptables)
 *(.jumptables*)
 .jumptables.gcc.main
                0x00000000000026b0       0x10 main.o
                0x00000000000026c0                _etext = .

.data           0x0000000000800100       0xc2 load address 0x00000000000026c0
                0x0000000000800100                PROVIDE (__data_start = .)
 *(.data)
 .data          0x0000000000800100        0x0 /usr/lib/gcc/avr/9.2.0/../../../../avr/lib/avr5/crtatmega324pa.o
 .data          0x0000000000800100        0x0 main.o
 .data          0x0000000000800100        0x5 ../lib_dir//libstatique.a(afficheur.o)
                0x0000000000800100                positions
 .data          0x0000000000800105        0x0 ../lib_dir//libstatique.a(moteur.o)
 .data          0x0000000000800105        0x0 ../lib_dir//libstatique.a(sonar.o)
 .data          0x0000000000800105        0x0 ../lib_dir//libstatique.a(lcm_so1602dtr_m_fw.o)
 .data          0x0000000000800105        0x0 ../lib_dir//libstatique.a(InterruptButton.o)
 .data          0x0000000000800105        0x0 ../lib_dir//libstatique.a(pwm.o)
 .data          0x0000000000800105        0x0 ../lib_dir//libstatique.a(lcm_so1602dtr_m.o)
 .data          0x0000000000800105        0x0 ../lib_dir//libstatique.a(del.o)
 .data          0x0000000000800105        0x0 ../lib_dir//libstatique.a(customprocs.o)
 .data          0x0000000000800105        0x0 /usr/lib/gcc/avr/9.2.0/avr5/libgcc.a(_udivmodqi4.o)
 .data          0x0000000000800105        0x0 /usr/lib/gcc/avr/9.2.0/avr5/libgcc.a(_udivmodhi4.o)
 .data          0x0000000000800105        0x0 /usr/lib/gcc/avr/9.2.0/avr5/libgcc.a(_divmodhi4.o)
 .data          0x0000000000800105        0x0 /usr/lib/gcc/avr/9.2.0/avr5/libgcc.a(_exit.o)
 .data          0x0000000000800105        0x0 /usr/lib/gcc/avr/9.2.0/avr5/libgcc.a(_tablejump2.o)
 .data          0x0000000000800105        0x0 /usr/lib/gcc/avr/9.2.0/avr5/libgcc.a(_copy_data.o)
 .data          0x0000000000800105        0x0 /usr/lib/gcc/avr/9.2.0/avr5/libgcc.a(_clear_bss.o)
 .data          0x0000000000800105        0x0 /usr/lib/gcc/avr/9.2.0/../../../../avr/lib/avr5/libm.a(addsf3.o)
 .data          0x0000000000800105        0x0 /usr/lib/gcc/avr/9.2.0/../../../../avr/lib/avr5/libm.a(addsf3x.o)
 .data          0x0000000000800105        0x0 /usr/lib/gcc/avr/9.2.0/../../../../avr/lib/avr5/libm.a(divsf3.o)
 .data          0x0000000000800105        0x0 /usr/lib/gcc/avr/9.2.0/../../../../avr/lib/avr5/libm.a(divsf3x.o)
 .data          0x0000000000800105        0x0 /usr/lib/gcc/avr/9.2.0/../../../../avr/lib/avr5/libm.a(fixunssfsi.o)
 .data          0x0000000000800105        0x0 /usr/lib/gcc/avr/9.2.0/../../../../avr/lib/avr5/libm.a(floatsisf.o)
 .data          0x0000000000800105        0x0 /usr/lib/gcc/avr/9.2.0/../../../../avr/lib/avr5/libm.a(fp_inf.o)
 .data          0x0000000000800105        0x0 /usr/lib/gcc/avr/9.2.0/../../../../avr/lib/avr5/libm.a(fp_nan.o)
 .data          0x0000000000800105        0x0 /usr/lib/gcc/avr/9.2.0/../../../../avr/lib/avr5/libm.a(fp_pscA.o)
 .data          0x0000000000800105        0x0 /usr/lib/gcc/avr/9.2.0/../../../../avr/lib/avr5/libm.a(fp_pscB.o)
 .data          0x0000000000800105        0x0 /usr/lib/gcc/avr/9.2.0/../../../../avr/lib/avr5/libm.a(fp_round.o)
 .data          0x0000000000800105        0x0 /usr/lib/gcc/avr/9.2.0/../../../../avr/lib/avr5/libm.a(fp_split3.o)
 .data          0x0000000000800105        0x0 /usr/lib/gcc/avr/9.2.0/../../../../avr/lib/avr5/libm.a(fp_zero.o)
 .data          0x0000000000800105        0x0 /usr/lib/gcc/avr/9.2.0/../../../../avr/lib/avr5/libm.a(mulsf3.o)
 .data          0x0000000000800105        0x0 /usr/lib/gcc/avr/9.2.0/../../../../avr/lib/avr5/libm.a(mulsf3x.o)
 .data          0x0000000000800105        0x6 /usr/lib/gcc/avr/9.2.0/../../../../avr/lib/avr5/libc.a(malloc.o)
                0x0000000000800105                __malloc_heap_end
                0x0000000000800107                __malloc_heap_start
                0x0000000000800109                __malloc_margin
 .data          0x000000000080010b        0x0 /usr/lib/gcc/avr/9.2.0/../../../../avr/lib/avr5/libc.a(strcmp.o)
 .data          0x000000000080010b        0x0 /usr/lib/gcc/avr/9.2.0/../../../../avr/lib/avr5/libc.a(sprintf.o)
 .data          0x000000000080010b        0x0 /usr/lib/gcc/avr/9.2.0/../../../../avr/lib/avr5/libc.a(vfprintf_std.o)
 .data          0x000000000080010b        0x0 /usr/lib/gcc/avr/9.2.0/../../../../avr/lib/avr5/libc.a(strnlen_P.o)
 .data          0x000000000080010b        0x0 /usr/lib/gcc/avr/9.2.0/../../../../avr/lib/avr5/libc.a(strnlen.o)
 .data          0x000000000080010b        0x0 /usr/lib/gcc/avr/9.2.0/../../../../avr/lib/avr5/libc.a(fputc.o)
 .data          0x000000000080010b        0x0 /usr/lib/gcc/avr/9.2.0/../../../../avr/lib/avr5/libc.a(ultoa_invert.o)
 .data          0x000000000080010b        0x0 /usr/lib/gcc/avr/9.2.0/avr5/libgcc.a(_prologue.o)
 .data          0x000000000080010b        0x0 /usr/lib/gcc/avr/9.2.0/avr5/libgcc.a(_epilogue.o)
 *(.data*)
 *(.gnu.linkonce.d*)
 *(.rodata)
 .rodata        0x000000000080010b        0xa ../lib_dir//libstatique.a(afficheur.o)
 .rodata        0x0000000000800115        0xc ../lib_dir//libstatique.a(sonar.o)
 *(.rodata*)
 .rodata.str1.1
                0x0000000000800121       0x78 main.o
 .rodata.str1.1
                0x0000000000800199        0xf ../lib_dir//libstatique.a(sonar.o)
 .rodata.str1.1
                0x00000000008001a8        0x9 ../lib_dir//libstatique.a(lcm_so1602dtr_m_fw.o)
 .rodata.str1.1
                0x00000000008001b1       0x11 ../lib_dir//libstatique.a(customprocs.o)
 *(.gnu.linkonce.r*)
                0x00000000008001c2                . = ALIGN (0x2)
                0x00000000008001c2                _edata = .
                0x00000000008001c2                PROVIDE (__data_end = .)

.bss            0x00000000008001c2       0x19
                0x00000000008001c2                PROVIDE (__bss_start = .)
 *(.bss)
 .bss           0x00000000008001c2        0x0 /usr/lib/gcc/avr/9.2.0/../../../../avr/lib/avr5/crtatmega324pa.o
 .bss           0x00000000008001c2        0xf main.o
                0x00000000008001c2                manoeuvre
                0x00000000008001c3                sonar3
                0x00000000008001c5                sonar2
                0x00000000008001c7                sonar1
                0x00000000008001c9                backupTCCR2A
                0x00000000008001cb                backupTCCR1A
                0x00000000008001cd                backupTIMSK2
                0x00000000008001cf                backupTIMSK1
 .bss           0x00000000008001d1        0x6 ../lib_dir//libstatique.a(afficheur.o)
                0x00000000008001d1                tableauNombre
                0x00000000008001d6                etat
 .bss           0x00000000008001d7        0x0 ../lib_dir//libstatique.a(moteur.o)
 .bss           0x00000000008001d7        0x0 ../lib_dir//libstatique.a(sonar.o)
 .bss           0x00000000008001d7        0x0 ../lib_dir//libstatique.a(lcm_so1602dtr_m_fw.o)
 .bss           0x00000000008001d7        0x0 ../lib_dir//libstatique.a(InterruptButton.o)
 .bss           0x00000000008001d7        0x0 ../lib_dir//libstatique.a(pwm.o)
 .bss           0x00000000008001d7        0x0 ../lib_dir//libstatique.a(lcm_so1602dtr_m.o)
 .bss           0x00000000008001d7        0x0 ../lib_dir//libstatique.a(del.o)
 .bss           0x00000000008001d7        0x0 ../lib_dir//libstatique.a(customprocs.o)
 .bss           0x00000000008001d7        0x0 /usr/lib/gcc/avr/9.2.0/avr5/libgcc.a(_udivmodqi4.o)
 .bss           0x00000000008001d7        0x0 /usr/lib/gcc/avr/9.2.0/avr5/libgcc.a(_udivmodhi4.o)
 .bss           0x00000000008001d7        0x0 /usr/lib/gcc/avr/9.2.0/avr5/libgcc.a(_divmodhi4.o)
 .bss           0x00000000008001d7        0x0 /usr/lib/gcc/avr/9.2.0/avr5/libgcc.a(_exit.o)
 .bss           0x00000000008001d7        0x0 /usr/lib/gcc/avr/9.2.0/avr5/libgcc.a(_tablejump2.o)
 .bss           0x00000000008001d7        0x0 /usr/lib/gcc/avr/9.2.0/avr5/libgcc.a(_copy_data.o)
 .bss           0x00000000008001d7        0x0 /usr/lib/gcc/avr/9.2.0/avr5/libgcc.a(_clear_bss.o)
 .bss           0x00000000008001d7        0x0 /usr/lib/gcc/avr/9.2.0/../../../../avr/lib/avr5/libm.a(addsf3.o)
 .bss           0x00000000008001d7        0x0 /usr/lib/gcc/avr/9.2.0/../../../../avr/lib/avr5/libm.a(addsf3x.o)
 .bss           0x00000000008001d7        0x0 /usr/lib/gcc/avr/9.2.0/../../../../avr/lib/avr5/libm.a(divsf3.o)
 .bss           0x00000000008001d7        0x0 /usr/lib/gcc/avr/9.2.0/../../../../avr/lib/avr5/libm.a(divsf3x.o)
 .bss           0x00000000008001d7        0x0 /usr/lib/gcc/avr/9.2.0/../../../../avr/lib/avr5/libm.a(fixunssfsi.o)
 .bss           0x00000000008001d7        0x0 /usr/lib/gcc/avr/9.2.0/../../../../avr/lib/avr5/libm.a(floatsisf.o)
 .bss           0x00000000008001d7        0x0 /usr/lib/gcc/avr/9.2.0/../../../../avr/lib/avr5/libm.a(fp_inf.o)
 .bss           0x00000000008001d7        0x0 /usr/lib/gcc/avr/9.2.0/../../../../avr/lib/avr5/libm.a(fp_nan.o)
 .bss           0x00000000008001d7        0x0 /usr/lib/gcc/avr/9.2.0/../../../../avr/lib/avr5/libm.a(fp_pscA.o)
 .bss           0x00000000008001d7        0x0 /usr/lib/gcc/avr/9.2.0/../../../../avr/lib/avr5/libm.a(fp_pscB.o)
 .bss           0x00000000008001d7        0x0 /usr/lib/gcc/avr/9.2.0/../../../../avr/lib/avr5/libm.a(fp_round.o)
 .bss           0x00000000008001d7        0x0 /usr/lib/gcc/avr/9.2.0/../../../../avr/lib/avr5/libm.a(fp_split3.o)
 .bss           0x00000000008001d7        0x0 /usr/lib/gcc/avr/9.2.0/../../../../avr/lib/avr5/libm.a(fp_zero.o)
 .bss           0x00000000008001d7        0x0 /usr/lib/gcc/avr/9.2.0/../../../../avr/lib/avr5/libm.a(mulsf3.o)
 .bss           0x00000000008001d7        0x0 /usr/lib/gcc/avr/9.2.0/../../../../avr/lib/avr5/libm.a(mulsf3x.o)
 .bss           0x00000000008001d7        0x0 /usr/lib/gcc/avr/9.2.0/../../../../avr/lib/avr5/libc.a(malloc.o)
 .bss           0x00000000008001d7        0x0 /usr/lib/gcc/avr/9.2.0/../../../../avr/lib/avr5/libc.a(strcmp.o)
 .bss           0x00000000008001d7        0x0 /usr/lib/gcc/avr/9.2.0/../../../../avr/lib/avr5/libc.a(sprintf.o)
 .bss           0x00000000008001d7        0x0 /usr/lib/gcc/avr/9.2.0/../../../../avr/lib/avr5/libc.a(vfprintf_std.o)
 .bss           0x00000000008001d7        0x0 /usr/lib/gcc/avr/9.2.0/../../../../avr/lib/avr5/libc.a(strnlen_P.o)
 .bss           0x00000000008001d7        0x0 /usr/lib/gcc/avr/9.2.0/../../../../avr/lib/avr5/libc.a(strnlen.o)
 .bss           0x00000000008001d7        0x0 /usr/lib/gcc/avr/9.2.0/../../../../avr/lib/avr5/libc.a(fputc.o)
 .bss           0x00000000008001d7        0x0 /usr/lib/gcc/avr/9.2.0/../../../../avr/lib/avr5/libc.a(ultoa_invert.o)
 .bss           0x00000000008001d7        0x0 /usr/lib/gcc/avr/9.2.0/avr5/libgcc.a(_prologue.o)
 .bss           0x00000000008001d7        0x0 /usr/lib/gcc/avr/9.2.0/avr5/libgcc.a(_epilogue.o)
 *(.bss*)
 *(COMMON)
 COMMON         0x00000000008001d7        0x4 /usr/lib/gcc/avr/9.2.0/../../../../avr/lib/avr5/libc.a(malloc.o)
                0x00000000008001d7                __brkval
                0x00000000008001d9                __flp
                0x00000000008001db                PROVIDE (__bss_end = .)
                0x00000000000026c0                __data_load_start = LOADADDR (.data)
                0x0000000000002782                __data_load_end = (__data_load_start + SIZEOF (.data))

.noinit         0x00000000008001db        0x0
                [!provide]                        PROVIDE (__noinit_start = .)
 *(.noinit*)
                [!provide]                        PROVIDE (__noinit_end = .)
                0x00000000008001db                _end = .
                0x00000000008001db                PROVIDE (__heap_start = .)

.eeprom         0x0000000000810000        0x0
 *(.eeprom*)
                0x0000000000810000                __eeprom_end = .

.fuse
 *(.fuse)
 *(.lfuse)
 *(.hfuse)
 *(.efuse)

.lock
 *(.lock*)

.signature
 *(.signature*)

.stab           0x0000000000000000     0x7f14
 *(.stab)
 .stab          0x0000000000000000     0x1524 main.o
 .stab          0x0000000000001524      0xad4 ../lib_dir//libstatique.a(afficheur.o)
                                        0xae0 (size before relaxing)
 .stab          0x0000000000001ff8      0xa08 ../lib_dir//libstatique.a(moteur.o)
                                        0xa14 (size before relaxing)
 .stab          0x0000000000002a00      0xbf4 ../lib_dir//libstatique.a(sonar.o)
                                        0xc00 (size before relaxing)
 .stab          0x00000000000035f4     0x1038 ../lib_dir//libstatique.a(lcm_so1602dtr_m_fw.o)
                                       0x1044 (size before relaxing)
 .stab          0x000000000000462c      0x930 ../lib_dir//libstatique.a(InterruptButton.o)
                                        0x93c (size before relaxing)
 .stab          0x0000000000004f5c      0x7ec ../lib_dir//libstatique.a(pwm.o)
                                        0x7f8 (size before relaxing)
 .stab          0x0000000000005748      0xc84 ../lib_dir//libstatique.a(lcm_so1602dtr_m.o)
                                        0xc90 (size before relaxing)
 .stab          0x00000000000063cc      0xab0 ../lib_dir//libstatique.a(del.o)
                                        0xabc (size before relaxing)
 .stab          0x0000000000006e7c      0x744 ../lib_dir//libstatique.a(customprocs.o)
                                        0x750 (size before relaxing)
 .stab          0x00000000000075c0       0xe4 /usr/lib/gcc/avr/9.2.0/avr5/libgcc.a(_udivmodqi4.o)
                                         0xf0 (size before relaxing)
 .stab          0x00000000000076a4      0x15c /usr/lib/gcc/avr/9.2.0/avr5/libgcc.a(_udivmodhi4.o)
                                        0x168 (size before relaxing)
 .stab          0x0000000000007800      0x138 /usr/lib/gcc/avr/9.2.0/avr5/libgcc.a(_divmodhi4.o)
                                        0x144 (size before relaxing)
 .stab          0x0000000000007938       0x6c /usr/lib/gcc/avr/9.2.0/avr5/libgcc.a(_exit.o)
                                         0x78 (size before relaxing)
 .stab          0x00000000000079a4       0x9c /usr/lib/gcc/avr/9.2.0/avr5/libgcc.a(_tablejump2.o)
                                         0xa8 (size before relaxing)
 .stab          0x0000000000007a40       0xd8 /usr/lib/gcc/avr/9.2.0/avr5/libgcc.a(_copy_data.o)
                                         0xe4 (size before relaxing)
 .stab          0x0000000000007b18       0xb4 /usr/lib/gcc/avr/9.2.0/avr5/libgcc.a(_clear_bss.o)
                                         0xc0 (size before relaxing)
 .stab          0x0000000000007bcc      0x1a4 /usr/lib/gcc/avr/9.2.0/avr5/libgcc.a(_prologue.o)
                                        0x1b0 (size before relaxing)
 .stab          0x0000000000007d70      0x1a4 /usr/lib/gcc/avr/9.2.0/avr5/libgcc.a(_epilogue.o)
                                        0x1b0 (size before relaxing)

.stabstr        0x0000000000000000     0x5d2a
 *(.stabstr)
 .stabstr       0x0000000000000000     0x5d2a main.o

.stab.excl
 *(.stab.excl)

.stab.exclstr
 *(.stab.exclstr)

.stab.index
 *(.stab.index)

.stab.indexstr
 *(.stab.indexstr)

.comment        0x0000000000000000       0x42
 *(.comment)
 .comment       0x0000000000000000       0x21 main.o
                                         0x22 (size before relaxing)
 .comment       0x0000000000000021       0x22 ../lib_dir//libstatique.a(afficheur.o)
 .comment       0x0000000000000021       0x22 ../lib_dir//libstatique.a(moteur.o)
 .comment       0x0000000000000021       0x22 ../lib_dir//libstatique.a(sonar.o)
 .comment       0x0000000000000021       0x22 ../lib_dir//libstatique.a(lcm_so1602dtr_m_fw.o)
 .comment       0x0000000000000021       0x22 ../lib_dir//libstatique.a(InterruptButton.o)
 .comment       0x0000000000000021       0x22 ../lib_dir//libstatique.a(pwm.o)
 .comment       0x0000000000000021       0x22 ../lib_dir//libstatique.a(lcm_so1602dtr_m.o)
 .comment       0x0000000000000021       0x22 ../lib_dir//libstatique.a(del.o)
 .comment       0x0000000000000021       0x22 ../lib_dir//libstatique.a(customprocs.o)
 .comment       0x0000000000000021       0x21 /usr/lib/gcc/avr/9.2.0/../../../../avr/lib/avr5/libc.a(malloc.o)
                                         0x22 (size before relaxing)
 .comment       0x0000000000000042       0x22 /usr/lib/gcc/avr/9.2.0/../../../../avr/lib/avr5/libc.a(sprintf.o)
 .comment       0x0000000000000042       0x22 /usr/lib/gcc/avr/9.2.0/../../../../avr/lib/avr5/libc.a(vfprintf_std.o)
 .comment       0x0000000000000042       0x22 /usr/lib/gcc/avr/9.2.0/../../../../avr/lib/avr5/libc.a(fputc.o)

.note.gnu.avr.deviceinfo
                0x0000000000000000       0x40
 .note.gnu.avr.deviceinfo
                0x0000000000000000       0x40 /usr/lib/gcc/avr/9.2.0/../../../../avr/lib/avr5/crtatmega324pa.o

.note.gnu.build-id
 *(.note.gnu.build-id)

.debug
 *(.debug)

.line
 *(.line)

.debug_srcinfo
 *(.debug_srcinfo)

.debug_sfnames
 *(.debug_sfnames)

.debug_aranges
 *(.debug_aranges)

.debug_pubnames
 *(.debug_pubnames)

.debug_info     0x0000000000000000      0x6cc
 *(.debug_info .gnu.linkonce.wi.*)
 .debug_info    0x0000000000000000      0x6cc /usr/lib/gcc/avr/9.2.0/../../../../avr/lib/avr5/crtatmega324pa.o

.debug_abbrev   0x0000000000000000      0x66e
 *(.debug_abbrev)
 .debug_abbrev  0x0000000000000000      0x66e /usr/lib/gcc/avr/9.2.0/../../../../avr/lib/avr5/crtatmega324pa.o

.debug_line     0x0000000000000000       0x1d
 *(.debug_line .debug_line.* .debug_line_end)
 .debug_line    0x0000000000000000       0x1d /usr/lib/gcc/avr/9.2.0/../../../../avr/lib/avr5/crtatmega324pa.o

.debug_frame
 *(.debug_frame)

.debug_str      0x0000000000000000      0x255
 *(.debug_str)
 .debug_str     0x0000000000000000      0x255 /usr/lib/gcc/avr/9.2.0/../../../../avr/lib/avr5/crtatmega324pa.o

.debug_loc
 *(.debug_loc)

.debug_macinfo
 *(.debug_macinfo)

.debug_weaknames
 *(.debug_weaknames)

.debug_funcnames
 *(.debug_funcnames)

.debug_typenames
 *(.debug_typenames)

.debug_varnames
 *(.debug_varnames)

.debug_pubtypes
 *(.debug_pubtypes)

.debug_ranges
 *(.debug_ranges)

.debug_macro
 *(.debug_macro)

.debug_addr
 *(.debug_addr)
OUTPUT(projet_exec.elf elf32-avr)
LOAD linker stubs
